[meta] pooling 24 shards
[meta]  scanned shard 0 (13039 clips)
[meta]  scanned shard 1 (13039 clips)
[meta]  scanned shard 2 (13039 clips)
[meta]  scanned shard 3 (13039 clips)
[meta]  scanned shard 4 (13039 clips)
[meta]  scanned shard 5 (13039 clips)
[meta]  scanned shard 6 (13039 clips)
[meta]  scanned shard 7 (13039 clips)
[meta]  scanned shard 8 (13039 clips)
[meta]  scanned shard 9 (13039 clips)
[meta]  scanned shard 10 (13039 clips)
[meta]  scanned shard 11 (13039 clips)
[meta]  scanned shard 12 (13039 clips)
[meta]  scanned shard 13 (13039 clips)
[meta]  scanned shard 14 (13039 clips)
[meta]  scanned shard 15 (13039 clips)
[meta]  scanned shard 16 (13039 clips)
[meta]  scanned shard 17 (13039 clips)
[meta]  scanned shard 18 (13039 clips)
[meta]  scanned shard 19 (13039 clips)
[meta]  scanned shard 20 (13039 clips)
[meta]  scanned shard 21 (13039 clips)
[meta]  scanned shard 22 (13039 clips)
[meta]  scanned shard 23 (13039 clips)
[meta] 312936 clips, 51330 distinct speakers
[meta] kept 10676 speakers (>= 5 clips), 137675 clips after cap 30
[extract] 2000/137675 clips (45s, 44.7 clip/s)
[extract] 4000/137675 clips (90s, 44.5 clip/s)
[extract] 6000/137675 clips (137s, 43.6 clip/s)
[extract] 8000/137675 clips (185s, 43.3 clip/s)
[extract] 10000/137675 clips (233s, 42.8 clip/s)
[extract] 12000/137675 clips (283s, 42.4 clip/s)
[extract] 14000/137675 clips (330s, 42.4 clip/s)
[extract] 16000/137675 clips (379s, 42.2 clip/s)
[extract] 18000/137675 clips (428s, 42.0 clip/s)
[extract] 20000/137675 clips (476s, 42.0 clip/s)
[extract] 22000/137675 clips (525s, 41.9 clip/s)
[extract] 24000/137675 clips (575s, 41.7 clip/s)
[extract] 26000/137675 clips (626s, 41.5 clip/s)
[extract] 28000/137675 clips (677s, 41.4 clip/s)
[extract] 30000/137675 clips (726s, 41.3 clip/s)
[extract] 32000/137675 clips (776s, 41.2 clip/s)
[extract] 34000/137675 clips (824s, 41.2 clip/s)
[extract] 36000/137675 clips (874s, 41.2 clip/s)
[extract] 38000/137675 clips (923s, 41.2 clip/s)
[extract] 40000/137675 clips (972s, 41.2 clip/s)
[extract] 42000/137675 clips (1022s, 41.1 clip/s)
[extract] 44000/137675 clips (1071s, 41.1 clip/s)
[extract] 46000/137675 clips (1122s, 41.0 clip/s)
[extract] 48000/137675 clips (1173s, 40.9 clip/s)
[extract] 50000/137675 clips (1224s, 40.9 clip/s)
[extract] 52000/137675 clips (1275s, 40.8 clip/s)
[extract] 54000/137675 clips (1326s, 40.7 clip/s)
[extract] 56000/137675 clips (1377s, 40.7 clip/s)
[extract] 58000/137675 clips (1429s, 40.6 clip/s)
[extract] 60000/137675 clips (1480s, 40.6 clip/s)
[extract] 62000/137675 clips (1531s, 40.5 clip/s)
[extract] 64000/137675 clips (1584s, 40.4 clip/s)
[extract] 66000/137675 clips (1634s, 40.4 clip/s)
[extract] 68000/137675 clips (1685s, 40.4 clip/s)
[extract] 70000/137675 clips (1736s, 40.3 clip/s)
[extract] 72000/137675 clips (1787s, 40.3 clip/s)
[extract] 74000/137675 clips (1838s, 40.3 clip/s)
[extract] 76000/137675 clips (1890s, 40.2 clip/s)
[extract] 78000/137675 clips (1941s, 40.2 clip/s)
[extract] 80000/137675 clips (1992s, 40.2 clip/s)
[extract] 82000/137675 clips (2043s, 40.1 clip/s)
[extract] 84000/137675 clips (2094s, 40.1 clip/s)
[extract] 86000/137675 clips (2146s, 40.1 clip/s)
[extract] 88000/137675 clips (2197s, 40.0 clip/s)
[extract] 90000/137675 clips (2248s, 40.0 clip/s)
[extract] 92000/137675 clips (2300s, 40.0 clip/s)
[extract] 94000/137675 clips (2352s, 40.0 clip/s)
[extract] 96000/137675 clips (2404s, 39.9 clip/s)
[extract] 98000/137675 clips (2457s, 39.9 clip/s)
[extract] 100000/137675 clips (2508s, 39.9 clip/s)
[extract] 102000/137675 clips (2559s, 39.9 clip/s)
[extract] 104000/137675 clips (2612s, 39.8 clip/s)
[extract] 106000/137675 clips (2664s, 39.8 clip/s)
[extract] 108000/137675 clips (2715s, 39.8 clip/s)
[extract] 110000/137675 clips (2767s, 39.8 clip/s)
[extract] 112000/137675 clips (2818s, 39.7 clip/s)
[extract] 114000/137675 clips (2870s, 39.7 clip/s)
[extract] 116000/137675 clips (2921s, 39.7 clip/s)
[extract] 118000/137675 clips (2973s, 39.7 clip/s)
[extract] 120000/137675 clips (3024s, 39.7 clip/s)
[extract] 122000/137675 clips (3076s, 39.7 clip/s)
[extract] 124000/137675 clips (3128s, 39.6 clip/s)
[extract] 126000/137675 clips (3179s, 39.6 clip/s)
[extract] 128000/137675 clips (3231s, 39.6 clip/s)
[extract] 130000/137675 clips (3283s, 39.6 clip/s)
[extract] 132000/137675 clips (3334s, 39.6 clip/s)
[extract] 134000/137675 clips (3386s, 39.6 clip/s)
[extract] 136000/137675 clips (3438s, 39.6 clip/s)
[save] features.parquet: 5644675 rows, 137675 utts, 10676 speakers
[save] coverage.csv
[done] 3486s total; measured-of-40 (cov>=0.80) = 39
